// Jest Snapshot v1, https://goo.gl/fbAQLP

exports[`xxx 1`] = `
<input
  autoCapitalize="sentences"
  autoComplete="on"
  autoCorrect="on"
  className="css-textinput-1cwyjr8"
  data-focusable={true}
  dir="auto"
  onBlur={[Function]}
  onChange={[Function]}
  onFocus={[Function]}
  onKeyDown={[Function]}
  onKeyPress={[Function]}
  onSelect={[Function]}
  readOnly={false}
  spellCheck={true}
  type="text"
/>
`;
